{
  "baseUrl": "https://mock.url.com",
  "scopes": [
    "MockScope"
  ]
}