{
  "baseUrl": "https://not.set.com",
  "scopes": []
}