{
  "oldDirectoryName": "MockOldDirectoryName",
  "newDirectoryName": "NewMockDirectoryName",
  "fileName": "MockFileName"
}