{
  "fileSize": 1234,
  "height": 123,
  "width": 456
}