{
  "fileId": 312,
  "fileDetail": {
    "id": 0,
    "fileAccessDetail": {
      "id": 0,
      "detailsLastUpdated": null,
      "lastViewed": null,
      "softDeleted": false,
      "softDeletePending": false,
      "moveRequired": false,
      "hardDeletePending": false
    },
    "fileName": "",
    "directoryName": "",
    "fullNameWithPath": "\\",
    "height": 0,
    "width": 0,
    "fileSize": 0,
    "isImage": false
  },
  "classificationId": 123,
  "fileDetailClassifications": {
    "classificationId": 0,
    "name": ""
  }
}