{
  "directoryName": "MockDirectoryName",
  "fileName": "MockFileName",
  "fileHandle": "MockFileHandle"
}