[
  {
    "directoryName": "c:\\temp\\AI",
    "fileName": "100000102_hd_638509609800324210_hd.jpg",
    "fileHandle": "c:\\temp\\AI-100000102_hd_638509609800324210_hd.jpg-20"
  },
  {
    "directoryName": "c:\\temp\\wwwroot - Copy\\AI",
    "fileName": "100000102_hd_638509609800324210_hd.jpg",
    "fileHandle": "c:\\temp\\wwwroot - Copy\\AI-100000102_hd_638509609800324210_hd.jpg-49"
  },
  {
    "directoryName": "c:\\temp\\AI",
    "fileName": "100000110_hd_638511176661199240_hd.jpg",
    "fileHandle": "c:\\temp\\AI-100000110_hd_638511176661199240_hd.jpg-21"
  },
  {
    "directoryName": "c:\\temp\\AI\\test",
    "fileName": "100000110_hd_638511176661199240_hd.jpg",
    "fileHandle": "c:\\temp\\AI\\test-100000110_hd_638511176661199240_hd.jpg-107"
  },
  {
    "directoryName": "c:\\temp\\AI",
    "fileName": "100000145_638523103212069150.jpg",
    "fileHandle": "c:\\temp\\AI-100000145_638523103212069150.jpg-22"
  },
  {
    "directoryName": "c:\\temp\\wwwroot - Copy\\AI",
    "fileName": "100000145_638523103212069150.jpg",
    "fileHandle": "c:\\temp\\wwwroot - Copy\\AI-100000145_638523103212069150.jpg-50"
  },
  {
    "directoryName": "c:\\temp\\AI",
    "fileName": "100000146_638523184773955790.jpg",
    "fileHandle": "c:\\temp\\AI-100000146_638523184773955790.jpg-23"
  },
  {
    "directoryName": "c:\\temp\\AI",
    "fileName": "100000150_638524300326765720.jpg",
    "fileHandle": "c:\\temp\\AI-100000150_638524300326765720.jpg-24"
  },
  {
    "directoryName": "c:\\temp\\wwwroot - Copy\\AI",
    "fileName": "100000150_638524300326765720.jpg",
    "fileHandle": "c:\\temp\\wwwroot - Copy\\AI-100000150_638524300326765720.jpg-51"
  },
  {
    "directoryName": "c:\\temp\\AI",
    "fileName": "100000205_638509236020965080.jpg",
    "fileHandle": "c:\\temp\\AI-100000205_638509236020965080.jpg-25"
  }
]