{
  "filesToAdd": [
    {
      "fileClassifications": [],
      "id": 0,
      "imageDetails": {
        "width": null,
        "height": null
      },
      "fileName": "",
      "directoryName": "",
      "fileSize": 0,
      "fileCreated": "0001-01-01T00:00:00+00:00",
      "fileLastModified": "0001-01-01T00:00:00+00:00"
    }
  ],
  "name": "Add Files",
  "httpMethod": "POST"
}