[
  {
    "id": 0,
    "imageDetails": {
      "width": 0,
      "height": 0
    },
    "fileName": "",
    "directoryName": "",
    "fullNameWithPath": "",
    "fileSize": 0,
    "isImage": true,
    "fileHandle": "???",
    "fileCreated": "0001-01-01T00:00:00+00:00",
    "fileLastModified": "0001-01-01T00:00:00+00:00"
  }
]