[
  {
    "id": 0,
    "imageDetails": {
      "width": null,
      "height": null
    },
    "fileName": "",
    "directoryName": "",
    "fullNameWithPath": "",
    "fileSize": 0,
    "isImage": true,
    "fileHandle": "-System.Linq.Enumerable\u002BIListSkipTakeIterator\u00601[AStar.Dev.Files.Api.Endpoints.Add.V1.FileClassification]",
    "fileCreated": "0001-01-01T00:00:00+00:00",
    "fileLastModified": "0001-01-01T00:00:00+00:00"
  }
]