{
  "baseUrl": "https://doesnt.matter.com",
  "scopes": [
    "Mock Scope"
  ]
}