{
  "fileClassifications": [
    {
      "id": 1,
      "name": "Test Classification",
      "fileDetails": [],
      "celebrity": true,
      "fileNameParts": []
    }
  ],
  "id": 1,
  "imageDetails": {
    "width": 1234,
    "height": 5678
  },
  "fileName": "MockFileName",
  "directoryName": "MockDirectoryName",
  "fullNameWithPath": "MockDirectoryName/MockFileName",
  "fileSize": 1234,
  "isImage": true,
  "fileHandle": "MockFileHandle",
  "fileCreated": "2025-06-28T22:15:37+00:00",
  "fileLastModified": "2025-06-28T22:15:37+00:00",
  "fileLastViewed": "2025-06-28T22:20:37+00:00",
  "softDeleted": true,
  "softDeletePending": true,
  "moveRequired": true,
  "hardDeletePending": true,
  "hardDeleted": true,
  "updatedBy": "Test User",
  "updatedOn": "2025-06-28T22:30:37+00:00"
}