{
  "fileClassifications": [],
  "id": 0,
  "imageDetails": {
    "width": null,
    "height": null
  },
  "fileName": "MockFileName",
  "directoryName": "MockDirectoryName",
  "fullNameWithPath": "MockDirectoryName/MockFileName",
  "fileSize": 1234,
  "isImage": false,
  "fileHandle": "",
  "fileCreated": "0001-01-01T00:00:00+00:00",
  "fileLastModified": "0001-01-01T00:00:00+00:00",
  "fileLastViewed": null,
  "softDeleted": false,
  "softDeletePending": false,
  "moveRequired": false,
  "hardDeletePending": false,
  "hardDeleted": false,
  "updatedBy": "Jay Barden",
  "updatedOn": "2025-06-28T22:20:37+00:00"
}