{
  "id": 1,
  "name": "Mock Name",
  "fileDetails": [
    {
      "fileClassifications": [],
      "id": 1,
      "imageDetails": {
        "width": null,
        "height": null
      },
      "fileName": "Mock File Name",
      "directoryName": "Mock Directory",
      "fullNameWithPath": "Mock Directory/Mock File Name",
      "fileSize": 0,
      "isImage": false,
      "fileHandle": "",
      "fileCreated": "0001-01-01T00:00:00+00:00",
      "fileLastModified": "0001-01-01T00:00:00+00:00",
      "fileLastViewed": null,
      "softDeleted": false,
      "softDeletePending": false,
      "moveRequired": false,
      "hardDeletePending": false,
      "hardDeleted": false,
      "updatedBy": "Jay Barden",
      "updatedOn": "2025-06-28T22:20:37+00:00"
    }
  ],
  "celebrity": true,
  "fileNameParts": [
    {
      "id": 1,
      "text": "Mock Text Part",
      "fileClassifications": []
    }
  ]
}