{
  "id": 1,
  "width": 123,
  "height": 456,
  "fileDetailsId": 2
}